     VMA      LMA     Size Align Out     In      Symbol
       0        0        0     1 RAMBASE = 0x81000000
81000000 81000000      66e     1 .rodata.str1.1
81000000 81000000      66e     1         <internal>:(.rodata.str1.1)
8100066e 8100066e      42e     1 .rodata
8100066e 8100066e      42e     1         build/src/pay_link.o:(.rodata)
81000aa0 81000aa0       fc    16 .text
81000aa0 81000aa0       fc    16         build/src/pay_link.o:(.text)
81000aa0 81000aa0       8c     1                 Bankreward_Start
81000b2c 81000b2c       70     1                 bankreward_callback
81000b9c 81000b9c       58     4 .recomp_import.*
81000b9c 81000b9c       58     4         build/src/pay_link.o:(.recomp_import.*)
81000b9c 81000b9c        8     1                 recomp_alloc
81000ba4 81000ba4        8     1                 recomp_free
81000bac 81000bac       10     1                 recomp_printf
81000bbc 81000bbc        8     1                 recomp_get_config_u32
81000bc4 81000bc4        8     1                 recomp_get_config_double
81000bcc 81000bcc        8     1                 recomp_get_config_string
81000bd4 81000bd4        8     1                 recomp_free_config_string
81000bdc 81000bdc        8     1                 recomp_get_mod_version
81000be4 81000be4        8     1                 recomp_change_save_file
81000bec 81000bec        8     1                 recomp_get_save_file_path
81000bf4 81000bf4      230     4 .recomp_import.MM_EZ_Text_Replacer_API
81000bf4 81000bf4      230     4         build/src/pay_link.o:(.recomp_import.MM_EZ_Text_Replacer_API)
81000bf4 81000bf4        8     1                 _EZTR_ReportFatalMessage
81000bfc 81000bfc        8     1                 _EZTR_ReportErrorMessage
81000c04 81000c04        8     1                 _EZTR_ReportWarningMessage
81000c0c 81000c0c        8     1                 _EZTR_ReportInfoMessage
81000c14 81000c14        8     1                 _EZTR_ReportDebugMessage
81000c1c 81000c1c        8     1                 _EZTR_ReportVerboseMessage
81000c24 81000c24        8     1                 _EXTR_ReportErrorMessage
81000c2c 81000c2c        8     1                 EZTR_Basic_ReplaceBuffer
81000c34 81000c34        8     1                 EZTR_Basic_ReplaceText
81000c3c 81000c3c        8     1                 EZTR_Basic_ReplaceTextEmpty
81000c44 81000c44        8     1                 EZTR_Basic_AddCustomBuffer
81000c4c 81000c4c        8     1                 EZTR_Basic_AddCustomText
81000c54 81000c54        8     1                 EZTR_Basic_AddCustomTextEmpty
81000c5c 81000c5c        8     1                 EZTR_Basic_ReplaceCustomBuffer
81000c64 81000c64        8     1                 EZTR_Basic_ReplaceCustomText
81000c6c 81000c6c        8     1                 EZTR_Basic_ReplaceCustomTextEmpty
81000c74 81000c74        8     1                 EZTR_MsgBuffer_Create
81000c7c 81000c7c        8     1                 EZTR_MsgBuffer_CreateFromStr
81000c84 81000c84        8     1                 EZTR_MsgBuffer_CreateFromStrN
81000c8c 81000c8c        8     1                 EZTR_MsgBuffer_Destroy
81000c94 81000c94        8     1                 EZTR_MsgBuffer_Copy
81000c9c 81000c9c        8     1                 EZTR_MsgBuffer_NCopy
81000ca4 81000ca4        8     1                 EZTR_MsgBuffer_Len
81000cac 81000cac        8     1                 EZTR_MsgBuffer_ContentLen
81000cb4 81000cb4        8     1                 EZTR_MsgBuffer_WriteDefaultHeader
81000cbc 81000cbc        8     1                 EZTR_MsgBuffer_WriteHeader
81000cc4 81000cc4        8     1                 EZTR_MsgBuffer_GetTextBoxType
81000ccc 81000ccc        8     1                 EZTR_MsgBuffer_SetTextBoxType
81000cd4 81000cd4        8     1                 EZTR_MsgBuffer_GetTextBoxYPos
81000cdc 81000cdc        8     1                 EZTR_MsgBuffer_SetTextBoxYPos
81000ce4 81000ce4        8     1                 EZTR_MsgBuffer_GetTextBoxDisplayIcon
81000cec 81000cec        8     1                 EZTR_MsgBuffer_SetTextBoxDisplayIcon
81000cf4 81000cf4        8     1                 EZTR_MsgBuffer_GetNextMsg
81000cfc 81000cfc        8     1                 EZTR_MsgBuffer_SetNextMsg
81000d04 81000d04        8     1                 EZTR_MsgBuffer_GetFirstItemRupees
81000d0c 81000d0c        8     1                 EZTR_MsgBuffer_SetFirstItemRupees
81000d14 81000d14        8     1                 EZTR_MsgBuffer_GetSecondItemRupees
81000d1c 81000d1c        8     1                 EZTR_MsgBuffer_SetSecondItemRupees
81000d24 81000d24        8     1                 EZTR_MsgBuffer_Print
81000d2c 81000d2c        8     1                 EZTR_MsgBuffer_PrintCCode
81000d34 81000d34        8     1                 EZTR_MsgBuffer_PrintFull
81000d3c 81000d3c        8     1                 EZTR_MsgBuffer_PrintFullCCode
81000d44 81000d44        8     1                 EZTR_MsgBuffer_GetContentPtr
81000d4c 81000d4c        8     1                 EZTR_MsgSContent_SetEmpty
81000d54 81000d54        8     1                 EZTR_MsgSContent_Len
81000d5c 81000d5c        8     1                 EZTR_MsgSContent_NCopy
81000d64 81000d64        8     1                 EZTR_MsgSContent_Copy
81000d6c 81000d6c        8     1                 EZTR_MsgSContent_NCat
81000d74 81000d74        8     1                 EZTR_MsgSContent_Cat
81000d7c 81000d7c        8     1                 EZTR_MsgSContent_NCmp
81000d84 81000d84        8     1                 EZTR_MsgSContent_Cmp
81000d8c 81000d8c       10     1                 EZTR_MsgSContent_Printf
81000d9c 81000d9c       10     1                 EZTR_MsgSContent_PrintfLine
81000dac 81000dac        c     1                 EZTR_MsgSContent_Sprintf
81000db8 81000db8        8     1                 EZTR_MsgSContent_Snprintf
81000dc0 81000dc0        8     1                 EZTR_MsgSContent_Vsnprintf
81000dc8 81000dc8        8     1                 EZTR_MsgSContent_Vprintf
81000dd0 81000dd0        8     1                 EZTR_MsgSContent_Fctprintf
81000dd8 81000dd8       10     1                 EZTR_MsgSContent_NoPipe_Printf
81000de8 81000de8       10     1                 EZTR_MsgSContent_NoPipe_PrintfLine
81000df8 81000df8        c     1                 EZTR_MsgSContent_NoPipe_Sprintf
81000e04 81000e04        8     1                 EZTR_MsgSContent_NoPipe_Snprintf
81000e0c 81000e0c        8     1                 EZTR_MsgSContent_NoPipe_Vsnprintf
81000e14 81000e14        8     1                 EZTR_MsgSContent_NoPipe_Vprintf
81000e1c 81000e1c        8     1                 EZTR_MsgSContent_NoPipe_Fctprintf
81000e24 81000e24       f8     4 .recomp_export
81000e24 81000e24       f8     4         build/src/pay_link.o:(.recomp_export)
81000e24 81000e24       7c     1                 EZTR_CustomMsgHandle_bankreward
81000ea0 81000ea0       7c     1                 EZTR_CustomMsgHandle_mobilebank
81000f1c 81000f1c      168     4 .recomp_hook_return.Rupees_ChangeBy
81000f1c 81000f1c      168     4         build/src/pay_link.o:(.recomp_hook_return.Rupees_ChangeBy)
81000f1c 81000f1c      168     1                 afterRupees_ChangeBy
81001084 81001084      1d4     4 .recomp_hook.Player_Update
81001084 81001084      1d4     4         build/src/pay_link.o:(.recomp_hook.Player_Update)
81001084 81001084      1d4     1                 onPlayer_Update
81001258 81001258        8     4 .recomp_hook.Play_Update
81001258 81001258        8     4         build/src/pay_link.o:(.recomp_hook.Play_Update)
81001258 81001258        8     1                 Bankreward_Update
81001260 81001260      718     4 .recomp_callback.MM_EZ_Text_Replacer_API:EZTR_OnInit
81001260 81001260      718     4         build/src/pay_link.o:(.recomp_callback.MM_EZ_Text_Replacer_API:EZTR_OnInit)
81001260 81001260      718     1                 init_bankreward
81001980 81001980        0    16 .data
81001980 81001980        0    16         build/src/pay_link.o:(.data)
81001980 81001980        8    16 .bss
81001980 81001980        8    16         build/src/pay_link.o:(.bss)
81001980 81001980        2     1                 EZTR_CustomMsgHandle_bankreward.id
81001982 81001982        1     1                 EZTR_CustomMsgHandle_bankreward.is_set
81001984 81001984        2     1                 EZTR_CustomMsgHandle_mobilebank.id
81001986 81001986        1     1                 EZTR_CustomMsgHandle_mobilebank.is_set
81001987 81001987        1     1                 isBankreward
       0        0       90     4 .rel.text
       0        0       90     4         build/src/pay_link.o:(.rel.text)
       0        0        0     1 .mdebug.abi32
       0        0        0     1         build/src/pay_link.o:(.mdebug.abi32)
       0        0       e0     4 .rel.recomp_export
       0        0       e0     4         build/src/pay_link.o:(.rel.recomp_export)
       0        0       d0     4 .rel.recomp_hook_return.Rupees_ChangeBy
       0        0       d0     4         build/src/pay_link.o:(.rel.recomp_hook_return.Rupees_ChangeBy)
       0        0      108     4 .rel.recomp_hook.Player_Update
       0        0      108     4         build/src/pay_link.o:(.rel.recomp_hook.Player_Update)
       0        0      330     4 .rel.recomp_callback.MM_EZ_Text_Replacer_API:EZTR_OnInit
       0        0      330     4         build/src/pay_link.o:(.rel.recomp_callback.MM_EZ_Text_Replacer_API:EZTR_OnInit)
       0        0      8e0     4 .symtab
       0        0      8e0     4         <internal>:(.symtab)
       0        0      1c2     1 .shstrtab
       0        0      1c2     1         <internal>:(.shstrtab)
       0        0      a9b     1 .strtab
       0        0      a9b     1         <internal>:(.strtab)
